Installing/updating dependencies from requirements.txt...
Running pytest...
============================= test session starts ==============================
platform linux -- Python 3.12.3, pytest-8.4.1, pluggy-1.6.0
rootdir: /mnt/c/Users/Vorn/Projects/codexer
collected 30 items / 4 errors

==================================== ERRORS ====================================
___________________ ERROR collecting tests/test_chat_mode.py ___________________
ImportError while importing test module '/mnt/c/Users/Vorn/Projects/codexer/tests/test_chat_mode.py'.
Hint: make sure your test modules/packages have valid Python names.
Traceback:
/usr/lib/python3.12/importlib/__init__.py:90: in import_module
    return _bootstrap._gcd_import(name[level:], package, level)
           ^^^^^^^^^^^^^^^^^^^^^^^^^^^^^^^^^^^^^^^^^^^^^^^^^^^^
tests/test_chat_mode.py:5: in <module>
    import codex_lite.main as main_module
E   ModuleNotFoundError: No module named 'codex_lite'
___________________ ERROR collecting tests/test_llm_agent.py ___________________
.venv/lib/python3.12/site-packages/_pytest/python.py:498: in importtestmodule
    mod = import_path(
.venv/lib/python3.12/site-packages/_pytest/pathlib.py:587: in import_path
    importlib.import_module(module_name)
/usr/lib/python3.12/importlib/__init__.py:90: in import_module
    return _bootstrap._gcd_import(name[level:], package, level)
           ^^^^^^^^^^^^^^^^^^^^^^^^^^^^^^^^^^^^^^^^^^^^^^^^^^^^
<frozen importlib._bootstrap>:1387: in _gcd_import
    ???
<frozen importlib._bootstrap>:1360: in _find_and_load
    ???
<frozen importlib._bootstrap>:1331: in _find_and_load_unlocked
    ???
<frozen importlib._bootstrap>:935: in _load_unlocked
    ???
.venv/lib/python3.12/site-packages/_pytest/assertion/rewrite.py:186: in exec_module
    exec(co, module.__dict__)
tests/test_llm_agent.py:4: in <module>
    from integration.framework.llm_agent import LLMAgent
E     File "/mnt/c/Users/Vorn/Projects/codexer/integration/framework/llm_agent.py", line 94
E       raise ValueError(f"Tool '{tool_name}' is disabled by configuration.")
E       ^^^^^
E   IndentationError: expected an indented block after 'if' statement on line 93
_______________ ERROR collecting tests/test_llm_agent_prompts.py _______________
ImportError while importing test module '/mnt/c/Users/Vorn/Projects/codexer/tests/test_llm_agent_prompts.py'.
Hint: make sure your test modules/packages have valid Python names.
Traceback:
/usr/lib/python3.12/importlib/__init__.py:90: in import_module
    return _bootstrap._gcd_import(name[level:], package, level)
           ^^^^^^^^^^^^^^^^^^^^^^^^^^^^^^^^^^^^^^^^^^^^^^^^^^^^
tests/test_llm_agent_prompts.py:3: in <module>
    import toml
E   ModuleNotFoundError: No module named 'toml'
________________ ERROR collecting tests/test_multiline_input.py ________________
ImportError while importing test module '/mnt/c/Users/Vorn/Projects/codexer/tests/test_multiline_input.py'.
Hint: make sure your test modules/packages have valid Python names.
Traceback:
/usr/lib/python3.12/importlib/__init__.py:90: in import_module
    return _bootstrap._gcd_import(name[level:], package, level)
           ^^^^^^^^^^^^^^^^^^^^^^^^^^^^^^^^^^^^^^^^^^^^^^^^^^^^
tests/test_multiline_input.py:3: in <module>
    import yaml
E   ModuleNotFoundError: No module named 'yaml'
=========================== short test summary info ============================
ERROR tests/test_chat_mode.py
ERROR tests/test_llm_agent.py
ERROR tests/test_llm_agent_prompts.py
ERROR tests/test_multiline_input.py
!!!!!!!!!!!!!!!!!!! Interrupted: 4 errors during collection !!!!!!!!!!!!!!!!!!!!
============================== 4 errors in 7.59s ===============================
